this is a test log file
add one line here
